../Core/Src/main.c:93:13:RADIO_CalcFreqDiv	24	static
../Core/Src/main.c:226:6:_IsSign	0	static
../Core/Src/main.c:87:12:RADIO_SetFreq.isra	8	static
../Core/Src/main.c:105:6:float2stri	80	static
../Core/Src/main.c:324:13:RADIO_DispFreq	32	static
../Core/Src/main.c:218:7:Int2Str	64	static
../Core/Src/main.c:478:6:SERVICE_InputPress	40	static
../Core/Src/main.c:720:6:Error_Handler	0	static,ignoring_inline_asm
../Core/Src/main.c:670:6:SystemClock_Config	80	static
../Core/Src/main.c:532:5:main	32	static
