../Core/Src/main.c:85:12:RADIO_SetFreq	24	static
../Core/Src/main.c:91:13:RADIO_CalcFreqDiv	32	static
../Core/Src/main.c:96:13:RADIO_DispFreq	8	static
../Core/Src/main.c:101:13:FUNC_TunningFreq	24	static
../Core/Src/main.c:108:13:VisualParam_LCD_Reset	24	static
../Core/Src/main.c:144:13:SERVICE_0press_1111	8	static
../Core/Src/main.c:148:13:SERVICE_1press_1110	8	static
../Core/Src/main.c:153:13:SERVICE_1press_1101	8	static
../Core/Src/main.c:158:13:SERVICE_1press_1011	8	static
../Core/Src/main.c:162:13:SERVICE_1press_0111	8	static
../Core/Src/main.c:167:13:SERVICE_2press_1100	8	static
../Core/Src/main.c:170:13:SERVICE_2press_1010	8	static
../Core/Src/main.c:173:13:SERVICE_2press_0110	8	static
../Core/Src/main.c:176:13:SERVICE_2press_1001	8	static
../Core/Src/main.c:179:13:SERVICE_2press_0101	8	static
../Core/Src/main.c:182:13:SERVICE_2press_0011	8	static
../Core/Src/main.c:188:13:SERVICE_3press_1000	8	static
../Core/Src/main.c:191:13:SERVICE_3press_0100	8	static
../Core/Src/main.c:194:13:SERVICE_3press_0010	8	static
../Core/Src/main.c:197:13:SERVICE_3press_0001	8	static
../Core/Src/main.c:201:13:SERVICE_4press_0000	8	static
../Core/Src/main.c:207:6:SERVICE_InputPress	16	static
../Core/Src/main.c:261:5:main	8	static
../Core/Src/main.c:355:6:SystemClock_Config	88	static
../Core/Src/main.c:405:6:Error_Handler	8	static,ignoring_inline_asm
