../Core/Src/ssd1306.c:15:16:ssd1306_WriteCommand	32	static
../Core/Src/ssd1306.c:24:9:ssd1306_Init	24	static
../Core/Src/ssd1306.c:86:6:ssd1306_Fill	24	static
../Core/Src/ssd1306.c:100:6:ssd1306_UpdateScreen	48	static
../Core/Src/ssd1306.c:119:6:ssd1306_DrawPixel	24	static
../Core/Src/ssd1306.c:151:6:ssd1306_WriteChar	48	static
../Core/Src/ssd1306.c:190:6:ssd1306_WriteString	24	static
../Core/Src/ssd1306.c:212:6:ssd1306_InvertColors	8	static
../Core/Src/ssd1306.c:220:6:ssd1306_SetCursor	16	static
